{
    "nf_core_pipeline_software_mqc_versions.yml": {
        "content": [
            "{CLUSTERING={quarto=1.3.450, papermill=null}, QUALITY_CONTROLS={quarto=1.3.450, papermill=null}, READ_DATA={spatialdata_io=0.1.2}, SPACERANGER_UNTAR_REFERENCE={untar=1.34}, SPATIALLY_VARIABLE_GENES={quarto=1.3.450, papermill=null}, UNTAR_DOWNSTREAM_INPUT={untar=1.34}, Workflow={nf-core/spatialvi=v1.0dev}}"
        ],
        "meta": {
            "nf-test": "0.8.4",
            "nextflow": "23.10.1"
        },
        "timestamp": "2024-03-19T18:46:59.035976"
    }
}
