{
    "nf_core_pipeline_software_mqc_versions.yml": {
        "content": [
            "{CLUSTERING={quarto=1.3.450, papermill=null}, FASTQC={fastqc=0.12.1}, QUALITY_CONTROLS={quarto=1.3.450, papermill=null}, READ_DATA={spatialdata_io=0.1.2}, SPACERANGER_COUNT={spaceranger=3.0.0}, SPACERANGER_UNTAR_REFERENCE={untar=1.34}, SPATIALLY_VARIABLE_GENES={quarto=1.3.450, papermill=null}, UNTAR_SPACERANGER_INPUT={untar=1.34}, Workflow={nf-core/spatialvi=v1.0dev}}"
        ],
        "meta": {
            "nf-test": "0.8.4",
            "nextflow": "24.02.0"
        },
        "timestamp": "2024-04-04T10:42:54.76102"
    }
}
