{
    "software_versions": {
        "content": [
            "{CUSTOM_DUMPSOFTWAREVERSIONS={python=3.11.7, yaml=5.4.1}, FASTQC={fastqc=0.12.1}, SPACERANGER_COUNT={spaceranger=2.1.0}, SPACERANGER_UNTAR_REFERENCE={untar=1.34}, CLUSTERING={quarto=1.3.302, scanpy=1.9.3}, QUALITY_CONTROLS={quarto=1.3.302, scanpy=1.9.3}, READ_DATA={scanpy=1.7.2}, SPATIAL_DE={SpatialDE=1.1.3, leidenalg=0.9.1, quarto=1.3.302, scanpy=1.9.3}, Workflow={nf-core/spatialvi=1.0dev}}"
        ],
        "meta": {
            "nf-test": "0.8.4",
            "nextflow": "23.10.1"
        },
        "timestamp": "2024-01-15T13:44:40.789425"
    },
    "nf_core_pipeline_software_mqc_versions.yml": {
        "content": [
            "{CLUSTERING={quarto=1.3.450, papermill=null}, FASTQC={fastqc=0.12.1}, QUALITY_CONTROLS={quarto=1.3.450, papermill=null}, READ_DATA={spatialdata_io=0.1.2}, SPACERANGER_COUNT={spaceranger=3.0.0}, SPACERANGER_UNTAR_REFERENCE={untar=1.34}, SPATIALLY_VARIABLE_GENES={quarto=1.3.450, papermill=null}, UNTAR_SPACERANGER_INPUT={untar=1.34}, Workflow={nf-core/spatialvi=v1.0dev}}"
        ],
        "meta": {
            "nf-test": "0.8.4",
            "nextflow": "24.02.0"
        },
        "timestamp": "2024-04-04T10:08:16.975105"
    }
}
